// Jest Snapshot v1, https://goo.gl/fbAQLP

exports[`Calculator renders correctly 1`] = `
<div className="calculator">
<div className="display">


  </div>
  <div
    className="row"
  >
    <button
      onClick={[Function]}
    >
      AC
    </button>
    <button
      onClick={[Function]}
    >
      +/-
    </button>
    <button
      onClick={[Function]}
    >
      %
    </button>
    <button
      className="yellow"
      onClick={[Function]}
    >
      รท
    </button>
  </div>
  <div
    className="row"
  >
    <button
      onClick={[Function]}
    >
      7
    </button>
    <button
      onClick={[Function]}
    >
      8
    </button>
    <button
      onClick={[Function]}
    >
      9
    </button>
    <button
      className="yellow"
      onClick={[Function]}
    >
      x
    </button>
  </div>
  <div
    className="row"
  >
    <button
      onClick={[Function]}
    >
      4
    </button>
    <button
      onClick={[Function]}
    >
      5
    </button>
    <button
      onClick={[Function]}
    >
      6
    </button>
    <button
      className="yellow"
      onClick={[Function]}
    >
      -
    </button>
  </div>
  <div
    className="row"
  >
    <button
      onClick={[Function]}
    >
      1
    </button>
    <button
      onClick={[Function]}
    >
      2
    </button>
    <button
      onClick={[Function]}
    >
      3
    </button>
    <button
      className="yellow"
      onClick={[Function]}
    >
      +
    </button>
  </div>
  <div
    className="row"
  >
    <button
      className="zero"
      onClick={[Function]}
    >
      0
    </button>
    <button
      onClick={[Function]}
    >
      .
    </button>
    <button
      className="yellow"
      onClick={[Function]}
    >
      =
    </button>
  </div>
</div>
`;
